08:35:20 **** Incremental Build of configuration Debug for project TinyML-F407 ****
make -j6 all 
arm-none-eabi-g++ "../Core/Src/main.cpp" -mcpu=cortex-m4 -std=gnu++14 -g3 -DDEBUG -DUSE_HAL_DRIVER -DSTM32F407xx -c -I../Core/Inc -I../Drivers/STM32F4xx_HAL_Driver/Inc -I../Drivers/STM32F4xx_HAL_Driver/Inc/Legacy -I../Drivers/CMSIS/Device/ST/STM32F4xx/Include -I../Drivers/CMSIS/Include -I../USB_DEVICE/App -I../USB_DEVICE/Target -I../Middlewares/ST/STM32_USB_Device_Library/Core/Inc -I../Middlewares/ST/STM32_USB_Device_Library/Class/CDC/Inc -I"C:/Users/guiga/Documents/Personal Projects/TinyML-ARM/Workspace/TinyML-F407/tfmicro" -I"C:/Users/guiga/Documents/Personal Projects/TinyML-ARM/Workspace/TinyML-F407/tfmicro/tensorflow/lite/c" -I"C:/Users/guiga/Documents/Personal Projects/TinyML-ARM/Workspace/TinyML-F407/tfmicro/third_party/flatbuffers/include" -I"C:/Users/guiga/Documents/Personal Projects/TinyML-ARM/Workspace/TinyML-F407/tfmicro/third_party/gemmlowp" -I"C:/Users/guiga/Documents/Personal Projects/TinyML-ARM/Workspace/TinyML-F407/tfmicro/third_party/ruy" -O0 -ffunction-sections -fdata-sections -fno-exceptions -fno-rtti -fno-use-cxa-atexit -Wall -fstack-usage -MMD -MP -MF"Core/Src/main.d" -MT"Core/Src/main.o" --specs=nano.specs -mfpu=fpv4-sp-d16 -mfloat-abi=hard -mthumb -o "Core/Src/main.o"
../Core/Src/main.cpp: In function 'int main()':
../Core/Src/main.cpp:186:16: warning: 'inference_count' may be used uninitialized in this function [-Wmaybe-uninitialized]
  186 |     position = static_cast<float>(inference_count)/static_cast<float>(kInferencesPerCycle);
      |                ^~~~~~~~~~~~~~~~~~~~~~~~~~~~~~~~~~~
arm-none-eabi-g++ -o "TinyML-F407.elf" @"objects.list"   -mcpu=cortex-m4 -T"C:\Users\guiga\Documents\Personal Projects\TinyML-ARM\Workspace\TinyML-F407\STM32F407VETX_FLASH.ld" --specs=nosys.specs -Wl,-Map="TinyML-F407.map" -Wl,--gc-sections -static -u_printf_float --specs=nano.specs -mfpu=fpv4-sp-d16 -mfloat-abi=hard -mthumb -Wl,--start-group -lc -lm -lstdc++ -lsupc++ -Wl,--end-group
Finished building target: TinyML-F407.elf
 
arm-none-eabi-size   TinyML-F407.elf 
arm-none-eabi-objdump -h -S  TinyML-F407.elf  > "TinyML-F407.list"
   text	   data	    bss	    dec	    hex	filename
 319920	   2840	  16016	 338776	  52b58	TinyML-F407.elf
Finished building: default.size.stdout
 
Finished building: TinyML-F407.list
 
