/home/guilherme/Projects/STM-Workspace/TinyML-ARM/Workspace/TinyML-F407/tfmicro/tensorflow/lite/core/api/error_reporter.h:37:11:tflite::ErrorReporter::~ErrorReporter()	16	static
/home/guilherme/Projects/STM-Workspace/TinyML-ARM/Workspace/TinyML-F407/tfmicro/tensorflow/lite/core/api/error_reporter.h:37:11:virtual tflite::ErrorReporter::~ErrorReporter()	16	static
/opt/st/stm32cubeide_1.10.1/plugins/com.st.stm32cube.ide.mcu.externaltools.gnu-tools-for-stm32.10.3-2021.10.linux64_1.0.0.202111181127/tools/arm-none-eabi/include/c++/10.3.1/arm-none-eabi/thumb/v7e-m+fp/hard/bits/gthr-default.h:229:1:int __gthread_key_delete(__gthread_key_t)	16	static
/home/guilherme/Projects/STM-Workspace/TinyML-ARM/Workspace/TinyML-F407/tfmicro/third_party/flatbuffers/include/flatbuffers/flatbuffers.h:70:13:void flatbuffers::EndianCheck()	16	static
/home/guilherme/Projects/STM-Workspace/TinyML-ARM/Workspace/TinyML-F407/tfmicro/third_party/flatbuffers/include/flatbuffers/flatbuffers.h:2418:18:const uint8_t* flatbuffers::Table::GetVTable() const	24	static
/home/guilherme/Projects/STM-Workspace/TinyML-ARM/Workspace/TinyML-F407/tfmicro/third_party/flatbuffers/include/flatbuffers/flatbuffers.h:2424:13:flatbuffers::voffset_t flatbuffers::Table::GetOptionalFieldOffset(flatbuffers::voffset_t) const	24	static
/home/guilherme/Projects/STM-Workspace/TinyML-ARM/Workspace/TinyML-F407/tfmicro/tensorflow/lite/schema/schema_generated.h:10604:12:uint32_t tflite::Model::version() const	16	static
/home/guilherme/Projects/STM-Workspace/TinyML-ARM/Workspace/TinyML-F407/tfmicro/tensorflow/lite/schema/schema_generated.h:16258:29:const tflite::Model* tflite::GetModel(const void*)	16	static
/opt/st/stm32cubeide_1.10.1/plugins/com.st.stm32cube.ide.mcu.externaltools.gnu-tools-for-stm32.10.3-2021.10.linux64_1.0.0.202111181127/tools/arm-none-eabi/include/c++/10.3.1/bits/stl_vector.h:288:7:std::_Vector_base<_Tp, _Alloc>::_Vector_base() [with _Tp = std::unique_ptr<TfLiteDelegate, void (*)(TfLiteDelegate*)>; _Alloc = std::allocator<std::unique_ptr<TfLiteDelegate, void (*)(TfLiteDelegate*)> >]	16	static
/opt/st/stm32cubeide_1.10.1/plugins/com.st.stm32cube.ide.mcu.externaltools.gnu-tools-for-stm32.10.3-2021.10.linux64_1.0.0.202111181127/tools/arm-none-eabi/include/c++/10.3.1/bits/stl_vector.h:487:7:std::vector<_Tp, _Alloc>::vector() [with _Tp = std::unique_ptr<TfLiteDelegate, void (*)(TfLiteDelegate*)>; _Alloc = std::allocator<std::unique_ptr<TfLiteDelegate, void (*)(TfLiteDelegate*)> >]	16	static
/home/guilherme/Projects/STM-Workspace/TinyML-ARM/Workspace/TinyML-F407/tfmicro/tensorflow/lite/core/api/op_resolver.h:43:35:virtual tflite::OpResolver::TfLiteDelegatePtrVector tflite::OpResolver::GetDelegates(int) const	24	static
/home/guilherme/Projects/STM-Workspace/TinyML-ARM/Workspace/TinyML-F407/tfmicro/tensorflow/lite/core/api/op_resolver.h:47:11:tflite::OpResolver::~OpResolver()	16	static
/home/guilherme/Projects/STM-Workspace/TinyML-ARM/Workspace/TinyML-F407/tfmicro/tensorflow/lite/core/api/op_resolver.h:47:11:virtual tflite::OpResolver::~OpResolver()	16	static
/home/guilherme/Projects/STM-Workspace/TinyML-ARM/Workspace/TinyML-F407/tfmicro/tensorflow/lite/micro/micro_op_resolver.h:53:29:virtual const TfLiteRegistration* tflite::MicroOpResolver::FindOp(tflite::BuiltinOperator, int) const	24	static
/home/guilherme/Projects/STM-Workspace/TinyML-ARM/Workspace/TinyML-F407/tfmicro/tensorflow/lite/micro/micro_op_resolver.h:60:29:virtual const TfLiteRegistration* tflite::MicroOpResolver::FindOp(const char*, int) const	24	static
/home/guilherme/Projects/STM-Workspace/TinyML-ARM/Workspace/TinyML-F407/tfmicro/tensorflow/lite/micro/micro_op_resolver.h:68:3:tflite::MicroOpResolver::~MicroOpResolver()	16	static
/home/guilherme/Projects/STM-Workspace/TinyML-ARM/Workspace/TinyML-F407/tfmicro/tensorflow/lite/micro/micro_op_resolver.h:68:3:virtual tflite::MicroOpResolver::~MicroOpResolver()	16	static
/home/guilherme/Projects/STM-Workspace/TinyML-ARM/Workspace/TinyML-F407/tfmicro/tensorflow/lite/micro/micro_error_reporter.h:27:3:tflite::MicroErrorReporter::~MicroErrorReporter()	16	static
/home/guilherme/Projects/STM-Workspace/TinyML-ARM/Workspace/TinyML-F407/tfmicro/tensorflow/lite/micro/micro_error_reporter.h:27:3:virtual tflite::MicroErrorReporter::~MicroErrorReporter()	16	static
../Core/Src/main.cpp:121:39:void __tcf_0()	8	static
../Core/Src/main.cpp:138:35:void __tcf_1()	8	static
../Core/Src/main.cpp:150:81:void __tcf_2()	8	static
../Core/Src/main.cpp:87:5:int main()	104	static
../Core/Src/main.cpp:222:6:void SystemClock_Config()	88	static
../Core/Src/main.cpp:268:13:void MX_TIM6_Init()	16	static
../Core/Src/main.cpp:306:13:void MX_GPIO_Init()	40	static
../Core/Src/main.cpp:335:6:void Error_Handler()	4	static,ignoring_inline_asm
/home/guilherme/Projects/STM-Workspace/TinyML-ARM/Workspace/TinyML-F407/tfmicro/third_party/flatbuffers/include/flatbuffers/base.h:362:24:T flatbuffers::EndianScalar(T) [with T = long unsigned int]	16	static
/home/guilherme/Projects/STM-Workspace/TinyML-ARM/Workspace/TinyML-F407/tfmicro/third_party/flatbuffers/include/flatbuffers/base.h:373:3:T flatbuffers::ReadScalar(const void*) [with T = short unsigned int]	16	static
/home/guilherme/Projects/STM-Workspace/TinyML-ARM/Workspace/TinyML-F407/tfmicro/third_party/flatbuffers/include/flatbuffers/base.h:373:3:T flatbuffers::ReadScalar(const void*) [with T = long unsigned int]	16	static
/home/guilherme/Projects/STM-Workspace/TinyML-ARM/Workspace/TinyML-F407/tfmicro/third_party/flatbuffers/include/flatbuffers/base.h:373:3:T flatbuffers::ReadScalar(const void*) [with T = long int]	16	static
/home/guilherme/Projects/STM-Workspace/TinyML-ARM/Workspace/TinyML-F407/tfmicro/third_party/flatbuffers/include/flatbuffers/flatbuffers.h:2434:26:T flatbuffers::Table::GetField(flatbuffers::voffset_t, T) const [with T = long unsigned int]	32	static
/home/guilherme/Projects/STM-Workspace/TinyML-ARM/Workspace/TinyML-F407/tfmicro/third_party/flatbuffers/include/flatbuffers/flatbuffers.h:2086:31:const T* flatbuffers::GetRoot(const void*) [with T = tflite::Model]	16	static
/opt/st/stm32cubeide_1.10.1/plugins/com.st.stm32cube.ide.mcu.externaltools.gnu-tools-for-stm32.10.3-2021.10.linux64_1.0.0.202111181127/tools/arm-none-eabi/include/c++/10.3.1/bits/stl_vector.h:131:2:std::_Vector_base<_Tp, _Alloc>::_Vector_impl::_Vector_impl() [with _Tp = std::unique_ptr<TfLiteDelegate, void (*)(TfLiteDelegate*)>; _Alloc = std::allocator<std::unique_ptr<TfLiteDelegate, void (*)(TfLiteDelegate*)> >]	16	static
/home/guilherme/Projects/STM-Workspace/TinyML-ARM/Workspace/TinyML-F407/tfmicro/third_party/flatbuffers/include/flatbuffers/base.h:362:24:T flatbuffers::EndianScalar(T) [with T = long int]	16	static
/home/guilherme/Projects/STM-Workspace/TinyML-ARM/Workspace/TinyML-F407/tfmicro/third_party/flatbuffers/include/flatbuffers/base.h:362:24:T flatbuffers::EndianScalar(T) [with T = short unsigned int]	16	static
/home/guilherme/Projects/STM-Workspace/TinyML-ARM/Workspace/TinyML-F407/tfmicro/third_party/flatbuffers/include/flatbuffers/flatbuffers.h:2079:25:T* flatbuffers::GetMutableRoot(void*) [with T = tflite::Model]	16	static
/opt/st/stm32cubeide_1.10.1/plugins/com.st.stm32cube.ide.mcu.externaltools.gnu-tools-for-stm32.10.3-2021.10.linux64_1.0.0.202111181127/tools/arm-none-eabi/include/c++/10.3.1/bits/allocator.h:164:7:std::allocator< <template-parameter-1-1> >::allocator() [with _Tp = std::unique_ptr<TfLiteDelegate, void (*)(TfLiteDelegate*)>]	16	static
/opt/st/stm32cubeide_1.10.1/plugins/com.st.stm32cube.ide.mcu.externaltools.gnu-tools-for-stm32.10.3-2021.10.linux64_1.0.0.202111181127/tools/arm-none-eabi/include/c++/10.3.1/bits/stl_vector.h:97:2:std::_Vector_base<_Tp, _Alloc>::_Vector_impl_data::_Vector_impl_data() [with _Tp = std::unique_ptr<TfLiteDelegate, void (*)(TfLiteDelegate*)>; _Alloc = std::allocator<std::unique_ptr<TfLiteDelegate, void (*)(TfLiteDelegate*)> >]	16	static
/opt/st/stm32cubeide_1.10.1/plugins/com.st.stm32cube.ide.mcu.externaltools.gnu-tools-for-stm32.10.3-2021.10.linux64_1.0.0.202111181127/tools/arm-none-eabi/include/c++/10.3.1/ext/new_allocator.h:79:7:__gnu_cxx::new_allocator<_Tp>::new_allocator() [with _Tp = std::unique_ptr<TfLiteDelegate, void (*)(TfLiteDelegate*)>]	16	static
/home/guilherme/Projects/STM-Workspace/TinyML-ARM/Workspace/TinyML-F407/tfmicro/tensorflow/lite/micro/micro_mutable_op_resolver.h:34:7:tflite::MicroMutableOpResolver<128>::~MicroMutableOpResolver()	16	static
/home/guilherme/Projects/STM-Workspace/TinyML-ARM/Workspace/TinyML-F407/tfmicro/tensorflow/lite/micro/micro_mutable_op_resolver.h:34:7:virtual tflite::MicroMutableOpResolver<128>::~MicroMutableOpResolver()	16	static
/home/guilherme/Projects/STM-Workspace/TinyML-ARM/Workspace/TinyML-F407/tfmicro/tensorflow/lite/micro/all_ops_resolver.h:25:7:tflite::AllOpsResolver::~AllOpsResolver()	16	static
/home/guilherme/Projects/STM-Workspace/TinyML-ARM/Workspace/TinyML-F407/tfmicro/tensorflow/lite/micro/all_ops_resolver.h:25:7:virtual tflite::AllOpsResolver::~AllOpsResolver()	16	static
/home/guilherme/Projects/STM-Workspace/TinyML-ARM/Workspace/TinyML-F407/tfmicro/tensorflow/lite/micro/micro_mutable_op_resolver.h:39:29:const TfLiteRegistration* tflite::MicroMutableOpResolver<tOpCount>::FindOp(tflite::BuiltinOperator) const [with unsigned int tOpCount = 128]	24	static
/home/guilherme/Projects/STM-Workspace/TinyML-ARM/Workspace/TinyML-F407/tfmicro/tensorflow/lite/micro/micro_mutable_op_resolver.h:51:29:const TfLiteRegistration* tflite::MicroMutableOpResolver<tOpCount>::FindOp(const char*) const [with unsigned int tOpCount = 128]	24	static
/home/guilherme/Projects/STM-Workspace/TinyML-ARM/Workspace/TinyML-F407/tfmicro/tensorflow/lite/micro/micro_mutable_op_resolver.h:62:41:TfLiteStatus (* tflite::MicroMutableOpResolver<tOpCount>::GetOpDataParser(tflite::BuiltinOperator) const)(const tflite::Operator*, tflite::ErrorReporter*, tflite::BuiltinDataAllocator*, void**) [with unsigned int tOpCount = 128]	24	static
