/opt/st/stm32cubeide_1.10.1/plugins/com.st.stm32cube.ide.mcu.externaltools.gnu-tools-for-stm32.10.3-2021.10.linux64_1.0.0.202111181127/tools/arm-none-eabi/include/c++/10.3.1/bits/std_abs.h:71:3:constexpr double std::abs(double)	16	static
/opt/st/stm32cubeide_1.10.1/plugins/com.st.stm32cube.ide.mcu.externaltools.gnu-tools-for-stm32.10.3-2021.10.linux64_1.0.0.202111181127/tools/arm-none-eabi/include/c++/10.3.1/cmath:222:3:constexpr float std::exp(float)	16	static
/opt/st/stm32cubeide_1.10.1/plugins/com.st.stm32cube.ide.mcu.externaltools.gnu-tools-for-stm32.10.3-2021.10.linux64_1.0.0.202111181127/tools/arm-none-eabi/include/c++/10.3.1/cmath:501:3:constexpr float std::tanh(float)	16	static
/opt/st/stm32cubeide_1.10.1/plugins/com.st.stm32cube.ide.mcu.externaltools.gnu-tools-for-stm32.10.3-2021.10.linux64_1.0.0.202111181127/tools/arm-none-eabi/include/c++/10.3.1/cmath:661:3:constexpr bool std::signbit(float)	16	static
/opt/st/stm32cubeide_1.10.1/plugins/com.st.stm32cube.ide.mcu.externaltools.gnu-tools-for-stm32.10.3-2021.10.linux64_1.0.0.202111181127/tools/arm-none-eabi/include/c++/10.3.1/limits:1204:7:static constexpr long int std::numeric_limits<long int>::min()	4	static
/opt/st/stm32cubeide_1.10.1/plugins/com.st.stm32cube.ide.mcu.externaltools.gnu-tools-for-stm32.10.3-2021.10.linux64_1.0.0.202111181127/tools/arm-none-eabi/include/c++/10.3.1/limits:1207:7:static constexpr long int std::numeric_limits<long int>::max()	4	static
/home/guilherme/Projects/STM-Workspace/TinyML-ARM/Workspace/TinyML-F407/tfmicro/third_party/gemmlowp/fixedpoint/fixedpoint.h:329:21:IntegerType gemmlowp::SaturatingRoundingDoublingHighMul(IntegerType, IntegerType) [with IntegerType = long int]	104	static
/home/guilherme/Projects/STM-Workspace/TinyML-ARM/Workspace/TinyML-F407/tfmicro/tensorflow/lite/kernels/internal/common.h:156:16:int32_t tflite::MultiplyByQuantizedMultiplier(int32_t, int32_t, int)	32	static
/home/guilherme/Projects/STM-Workspace/TinyML-ARM/Workspace/TinyML-F407/tfmicro/tensorflow/lite/kernels/kernel_util.h:147:12:int tflite::NumDimensions(const TfLiteTensor*)	16	static
/home/guilherme/Projects/STM-Workspace/TinyML-ARM/Workspace/TinyML-F407/tfmicro/tensorflow/lite/kernels/kernel_util.h:152:12:int tflite::NumInputs(const TfLiteNode*)	16	static
/home/guilherme/Projects/STM-Workspace/TinyML-ARM/Workspace/TinyML-F407/tfmicro/tensorflow/lite/micro/kernels/activation_utils.h:32:14:float tflite::ops::micro::ActivationValFloat(TfLiteFusedActivation, float)	48	static
/home/guilherme/Projects/STM-Workspace/TinyML-ARM/Workspace/TinyML-F407/tfmicro/tensorflow/lite/micro/kernels/kernel_util.h:30:26:TfLiteEvalTensor* tflite::micro::GetMutableEvalInput(const TfLiteContext*, const TfLiteNode*, int)	24	static
/home/guilherme/Projects/STM-Workspace/TinyML-ARM/Workspace/TinyML-F407/tfmicro/tensorflow/lite/micro/kernels/kernel_util.h:39:32:const TfLiteEvalTensor* tflite::micro::GetEvalInput(const TfLiteContext*, const TfLiteNode*, int)	24	static
/home/guilherme/Projects/STM-Workspace/TinyML-ARM/Workspace/TinyML-F407/tfmicro/tensorflow/lite/micro/kernels/kernel_util.h:45:26:TfLiteEvalTensor* tflite::micro::GetEvalOutput(const TfLiteContext*, const TfLiteNode*, int)	24	static
../tfmicro/tensorflow/lite/micro/kernels/svdf.cc:60:20:void tflite::ops::micro::svdf::{anonymous}::ApplyTimeWeightsBiasAndActivation(int, int, int, int, int, const float*, const float*, TfLiteFusedActivation, float*, float*, float*)	104	static
../tfmicro/tensorflow/lite/micro/kernels/svdf.cc:121:13:void tflite::ops::micro::svdf::{anonymous}::EvalFloatSVDF(TfLiteContext*, TfLiteNode*, const TfLiteEvalTensor*, const TfLiteEvalTensor*, const TfLiteEvalTensor*, const TfLiteEvalTensor*, const TfLiteSVDFParams*, int, TfLiteEvalTensor*, TfLiteEvalTensor*)	160	static
/opt/st/stm32cubeide_1.10.1/plugins/com.st.stm32cube.ide.mcu.externaltools.gnu-tools-for-stm32.10.3-2021.10.linux64_1.0.0.202111181127/tools/arm-none-eabi/include/c++/10.3.1/bits/stl_algobase.h:230:5:constexpr const _Tp& std::min(const _Tp&, const _Tp&) [with _Tp = long int]	16	static
/opt/st/stm32cubeide_1.10.1/plugins/com.st.stm32cube.ide.mcu.externaltools.gnu-tools-for-stm32.10.3-2021.10.linux64_1.0.0.202111181127/tools/arm-none-eabi/include/c++/10.3.1/bits/stl_algobase.h:254:5:constexpr const _Tp& std::max(const _Tp&, const _Tp&) [with _Tp = long int]	16	static
../tfmicro/tensorflow/lite/micro/kernels/svdf.cc:194:6:void tflite::ops::micro::svdf::{anonymous}::EvalIntegerSVDF(TfLiteContext*, TfLiteNode*, const TfLiteEvalTensor*, const TfLiteEvalTensor*, const TfLiteEvalTensor*, const TfLiteEvalTensor*, const TfLiteSVDFParams*, TfLiteEvalTensor*, TfLiteEvalTensor*, const tflite::ops::micro::svdf::{anonymous}::OpData&)	224	static
../tfmicro/tensorflow/lite/micro/kernels/svdf.cc:351:7:void* tflite::ops::micro::svdf::Init(TfLiteContext*, const char*, size_t)	24	static
../tfmicro/tensorflow/lite/micro/kernels/svdf.cc:356:14:TfLiteStatus tflite::ops::micro::svdf::Prepare(TfLiteContext*, TfLiteNode*)	128	static
../tfmicro/tensorflow/lite/micro/kernels/svdf.cc:494:14:TfLiteStatus tflite::ops::micro::svdf::Eval(TfLiteContext*, TfLiteNode*)	80	static
../tfmicro/tensorflow/lite/micro/kernels/svdf.cc:540:20:TfLiteRegistration tflite::ops::micro::Register_SVDF()	24	static
/home/guilherme/Projects/STM-Workspace/TinyML-ARM/Workspace/TinyML-F407/tfmicro/third_party/gemmlowp/fixedpoint/fixedpoint.h:357:20:IntegerType gemmlowp::RoundingDivideByPOT(IntegerType, int) [with IntegerType = long int]	56	static
/opt/st/stm32cubeide_1.10.1/plugins/com.st.stm32cube.ide.mcu.externaltools.gnu-tools-for-stm32.10.3-2021.10.linux64_1.0.0.202111181127/tools/arm-none-eabi/include/c++/10.3.1/bits/stl_algobase.h:254:5:constexpr const _Tp& std::max(const _Tp&, const _Tp&) [with _Tp = float]	16	static
/opt/st/stm32cubeide_1.10.1/plugins/com.st.stm32cube.ide.mcu.externaltools.gnu-tools-for-stm32.10.3-2021.10.linux64_1.0.0.202111181127/tools/arm-none-eabi/include/c++/10.3.1/bits/stl_algobase.h:230:5:constexpr const _Tp& std::min(const _Tp&, const _Tp&) [with _Tp = float]	16	static
/home/guilherme/Projects/STM-Workspace/TinyML-ARM/Workspace/TinyML-F407/tfmicro/tensorflow/lite/kernels/internal/max.h:28:10:T tflite::TfLiteMax(const T&, const T&) [with T = float]	16	static
/home/guilherme/Projects/STM-Workspace/TinyML-ARM/Workspace/TinyML-F407/tfmicro/tensorflow/lite/kernels/internal/min.h:28:10:T tflite::TfLiteMin(const T&, const T&) [with T = float]	16	static
/home/guilherme/Projects/STM-Workspace/TinyML-ARM/Workspace/TinyML-F407/tfmicro/tensorflow/lite/micro/kernels/kernel_util.h:60:10:const T* tflite::micro::GetTensorData(const TfLiteEvalTensor*) [with T = float]	16	static
/home/guilherme/Projects/STM-Workspace/TinyML-ARM/Workspace/TinyML-F407/tfmicro/tensorflow/lite/micro/kernels/kernel_util.h:54:4:T* tflite::micro::GetTensorData(TfLiteEvalTensor*) [with T = float]	16	static
/home/guilherme/Projects/STM-Workspace/TinyML-ARM/Workspace/TinyML-F407/tfmicro/tensorflow/lite/micro/kernels/kernel_util.h:54:4:T* tflite::micro::GetTensorData(TfLiteEvalTensor*) [with T = short int]	16	static
/home/guilherme/Projects/STM-Workspace/TinyML-ARM/Workspace/TinyML-F407/tfmicro/tensorflow/lite/micro/kernels/kernel_util.h:60:10:const T* tflite::micro::GetTensorData(const TfLiteEvalTensor*) [with T = signed char]	16	static
/home/guilherme/Projects/STM-Workspace/TinyML-ARM/Workspace/TinyML-F407/tfmicro/tensorflow/lite/micro/kernels/kernel_util.h:60:10:const T* tflite::micro::GetTensorData(const TfLiteEvalTensor*) [with T = short int]	16	static
/home/guilherme/Projects/STM-Workspace/TinyML-ARM/Workspace/TinyML-F407/tfmicro/tensorflow/lite/micro/kernels/kernel_util.h:60:10:const T* tflite::micro::GetTensorData(const TfLiteEvalTensor*) [with T = long int]	16	static
/home/guilherme/Projects/STM-Workspace/TinyML-ARM/Workspace/TinyML-F407/tfmicro/tensorflow/lite/micro/kernels/kernel_util.h:54:4:T* tflite::micro::GetTensorData(TfLiteEvalTensor*) [with T = signed char]	16	static
/home/guilherme/Projects/STM-Workspace/TinyML-ARM/Workspace/TinyML-F407/tfmicro/third_party/gemmlowp/fixedpoint/fixedpoint.h:64:10:tRawType gemmlowp::Dup(typename gemmlowp::FixedPointRawTypeTraits<tRawType>::ScalarRawType) [with tRawType = long int]	16	static
/home/guilherme/Projects/STM-Workspace/TinyML-ARM/Workspace/TinyML-F407/tfmicro/third_party/gemmlowp/fixedpoint/fixedpoint.h:70:14:tIntegerType gemmlowp::BitAnd(tIntegerType, tIntegerType) [with tIntegerType = long int]	16	static
/home/guilherme/Projects/STM-Workspace/TinyML-ARM/Workspace/TinyML-F407/tfmicro/third_party/gemmlowp/fixedpoint/fixedpoint.h:140:14:tIntegerType gemmlowp::ShiftRight(tIntegerType, int) [with tIntegerType = long int]	16	static
/home/guilherme/Projects/STM-Workspace/TinyML-ARM/Workspace/TinyML-F407/tfmicro/third_party/gemmlowp/fixedpoint/fixedpoint.h:199:14:tIntegerType gemmlowp::MaskIfLessThan(tIntegerType, tIntegerType) [with tIntegerType = long int]	16	static
/home/guilherme/Projects/STM-Workspace/TinyML-ARM/Workspace/TinyML-F407/tfmicro/third_party/gemmlowp/fixedpoint/fixedpoint.h:94:14:tIntegerType gemmlowp::Add(tIntegerType, tIntegerType) [with tIntegerType = long int]	16	static
/home/guilherme/Projects/STM-Workspace/TinyML-ARM/Workspace/TinyML-F407/tfmicro/third_party/gemmlowp/fixedpoint/fixedpoint.h:185:14:tIntegerType gemmlowp::MaskIfGreaterThan(tIntegerType, tIntegerType) [with tIntegerType = long int]	16	static
/home/guilherme/Projects/STM-Workspace/TinyML-ARM/Workspace/TinyML-F407/tfmicro/third_party/gemmlowp/fixedpoint/fixedpoint.h:156:14:tIntegerType gemmlowp::MaskIfNonZero(tIntegerType) [with tIntegerType = long int]	16	static
/home/guilherme/Projects/STM-Workspace/TinyML-ARM/Workspace/TinyML-F407/tfmicro/third_party/gemmlowp/fixedpoint/fixedpoint.h:88:14:tIntegerType gemmlowp::BitNot(tIntegerType) [with tIntegerType = long int]	16	static
